{
 "notes": [
  "Locus percentile: 100 = highest-scoring of all possible SNVs in gene span + 5 kb upstream.",
  "AlphaGenome on-demand splicing outputs are reported separately; no composite was pre-specified.",
  "AVI and CADD are composite pathogenicity scores; per amendment A1 their primary evaluation uses non-coding and synonymous variants only.",
  "Per amendment A2, AVI is reported primarily on PKD1 (chromosome 16, held out of AVI training and validation).",
  "locus_burden: SpliceAI locus percentile is pre-specified (plan 5). The equal-burden comparison (AVI threshold chosen to flag as many locus SNVs as SpliceAI >= 0.5) is EXPLORATORY, added 19 Sep 2026 before the gene-wide SpliceAI results existed, and is not a pre-specified endpoint."
 ],
 "primary": {
  "definition": "PKD1 POS SNVs, non-coding or synonymous; AVI percentile within the PKD1 locus",
  "n": 25,
  "n_scored": 25,
  "median_pct": 94.22,
  "top1pct": 5,
  "top0_1pct": 0,
  "per_variant": [
   {
    "hgvs_c": "c.12444+1G>A",
    "avi": 2.189,
    "avi_locus_pct": 99.744,
    "avi_top_attr_group": "splicing"
   },
   {
    "hgvs_c": "c.12444G>A",
    "avi": 2.106,
    "avi_locus_pct": 99.684,
    "avi_top_attr_group": "splicing"
   },
   {
    "hgvs_c": "c.11538-2A>G",
    "avi": 1.569,
    "avi_locus_pct": 99.044,
    "avi_top_attr_group": "splicing"
   },
   {
    "hgvs_c": "c.11412-3C>G",
    "avi": 1.476,
    "avi_locus_pct": 98.655,
    "avi_top_attr_group": "splicing"
   },
   {
    "hgvs_c": "c.11346C>T",
    "avi": 0.081,
    "avi_locus_pct": 65.597,
    "avi_top_attr_group": "splicing"
   },
   {
    "hgvs_c": "c.11270-10T>A",
    "avi": 0.874,
    "avi_locus_pct": 93.787,
    "avi_top_attr_group": "splicing"
   },
   {
    "hgvs_c": "c.11257C>A",
    "avi": 1.631,
    "avi_locus_pct": 99.194,
    "avi_top_attr_group": "splicing"
   },
   {
    "hgvs_c": "c.11017-10C>A",
    "avi": 0.911,
    "avi_locus_pct": 94.223,
    "avi_top_attr_group": "splicing"
   },
   {
    "hgvs_c": "c.11017-25A>G",
    "avi": 0.868,
    "avi_locus_pct": 93.724,
    "avi_top_attr_group": "splicing"
   },
   {
    "hgvs_c": "c.11017-25A>C",
    "avi": 0.835,
    "avi_locus_pct": 93.312,
    "avi_top_attr_group": "splicing"
   },
   {
    "hgvs_c": "c.10051-239G>A",
    "avi": -0.077,
    "avi_locus_pct": 10.854,
    "avi_top_attr_group": "expression_chromatin"
   },
   {
    "hgvs_c": "c.9397+3G>C",
    "avi": 0.729,
    "avi_locus_pct": 91.773,
    "avi_top_attr_group": "splicing"
   },
   {
    "hgvs_c": "c.9202-16G>A",
    "avi": 0.698,
    "avi_locus_pct": 91.321,
    "avi_top_attr_group": "splicing"
   },
   {
    "hgvs_c": "c.7490-3C>G",
    "avi": 0.889,
    "avi_locus_pct": 93.971,
    "avi_top_attr_group": "splicing"
   },
   {
    "hgvs_c": "c.7490-11C>G",
    "avi": 0.277,
    "avi_locus_pct": 80.252,
    "avi_top_attr_group": "splicing"
   },
   {
    "hgvs_c": "c.7489+5G>A",
    "avi": 1.457,
    "avi_locus_pct": 98.582,
    "avi_top_attr_group": "splicing"
   },
   {
    "hgvs_c": "c.7210-9T>A",
    "avi": 0.973,
    "avi_locus_pct": 94.856,
    "avi_top_attr_group": "splicing"
   },
   {
    "hgvs_c": "c.7209+5G>A",
    "avi": 0.887,
    "avi_locus_pct": 93.946,
    "avi_top_attr_group": "conservation"
   },
   {
    "hgvs_c": "c.3162-2A>T",
    "avi": 1.395,
    "avi_locus_pct": 98.17,
    "avi_top_attr_group": "splicing"
   },
   {
    "hgvs_c": "c.2985+5G>A",
    "avi": 1.163,
    "avi_locus_pct": 96.424,
    "avi_top_attr_group": "conservation"
   },
   {
    "hgvs_c": "c.2854-3C>G",
    "avi": 1.023,
    "avi_locus_pct": 95.318,
    "avi_top_attr_group": "splicing"
   },
   {
    "hgvs_c": "c.2853+5G>C",
    "avi": 1.71,
    "avi_locus_pct": 99.313,
    "avi_top_attr_group": "splicing"
   },
   {
    "hgvs_c": "c.2097+5G>A",
    "avi": 1.396,
    "avi_locus_pct": 98.179,
    "avi_top_attr_group": "splicing"
   },
   {
    "hgvs_c": "c.1202-8G>A",
    "avi": -0.027,
    "avi_locus_pct": 23.251,
    "avi_top_attr_group": "splicing"
   },
   {
    "hgvs_c": "c.327A>T",
    "avi": 0.885,
    "avi_locus_pct": 93.932,
    "avi_top_attr_group": "splicing"
   }
  ],
  "cadd_same_variants": {
   "n_scored": 25,
   "median_pct": 88.16,
   "top1pct": 2,
   "top0_1pct": 0,
   "phred_ge_20": 10
  },
  "spliceai_same_variants": {
   "n_scored": 25,
   "ge_0_2": 21,
   "ge_0_5": 20,
   "median": 0.71
  }
 },
 "locus_burden": {
  "PKD1": {
   "spliceai_background": "evenly spaced sample (A5)",
   "n_snvs": 39144,
   "in_spliceai_annotation": 35391,
   "spliceai_ge_0_2": 1148,
   "spliceai_ge_0_5": 408,
   "spliceai_ge_0_5_pct_of_locus": 1.042,
   "spliceai_ge_0_2_pct_of_locus": 2.933,
   "avi_threshold_matching_spliceai_0_5_burden": 2.1822824,
   "pos_nc_syn_snvs": 25,
   "pos_caught_spliceai_0_5": 20,
   "pos_caught_avi_same_burden": 1,
   "neg_nc_syn_snvs": 20,
   "neg_flagged_spliceai_0_5": 3,
   "neg_flagged_avi_same_burden": 0,
   "pos_nc_syn_spliceai_locus_pct_median": 99.354,
   "pos_nc_syn_avi_locus_pct_median": 94.223
  },
  "PKD2": {
   "spliceai_background": "evenly spaced sample (A5)",
   "n_snvs": 37596,
   "in_spliceai_annotation": 35055,
   "spliceai_ge_0_2": 311,
   "spliceai_ge_0_5": 105,
   "spliceai_ge_0_5_pct_of_locus": 0.279,
   "spliceai_ge_0_2_pct_of_locus": 0.827,
   "avi_threshold_matching_spliceai_0_5_burden": 2.3073523,
   "pos_nc_syn_snvs": 5,
   "pos_caught_spliceai_0_5": 5,
   "pos_caught_avi_same_burden": 0,
   "neg_nc_syn_snvs": 7,
   "neg_flagged_spliceai_0_5": 2,
   "neg_flagged_avi_same_burden": 0,
   "pos_nc_syn_spliceai_locus_pct_median": 99.902,
   "pos_nc_syn_avi_locus_pct_median": 99.826
  }
 },
 "locus_burden_noncoding_background": {
  "PKD1": {
   "noncoding_background_avi_snvs": 113607,
   "noncoding_background_spliceai_snvs": 28401,
   "spliceai_ge_0_5_pct_of_noncoding": 0.56,
   "avi_threshold_matching_that_burden": 1.0491108,
   "n_pos_noncoding": 21,
   "n_neg_noncoding": 18,
   "pos_caught_spliceai_0_5": 17,
   "pos_caught_avi_same_burden": 8,
   "neg_flagged_spliceai_0_5": 3,
   "neg_flagged_avi_same_burden": 3,
   "pos_median_avi_pct_noncoding_bg": 99.78,
   "pos_median_spliceai_pct_noncoding_bg": 99.88
  },
  "PKD2": {
   "noncoding_background_avi_snvs": 210135,
   "noncoding_background_spliceai_snvs": 35019,
   "spliceai_ge_0_5_pct_of_noncoding": 0.123,
   "avi_threshold_matching_that_burden": 1.5495285,
   "n_pos_noncoding": 4,
   "n_neg_noncoding": 6,
   "pos_caught_spliceai_0_5": 4,
   "pos_caught_avi_same_burden": 3,
   "neg_flagged_spliceai_0_5": 2,
   "neg_flagged_avi_same_burden": 1,
   "pos_median_avi_pct_noncoding_bg": 99.99,
   "pos_median_spliceai_pct_noncoding_bg": 99.99
  }
 },
 "pos_vs_neg": {
  "avi_locus_pct": {
   "POS": {
    "n_scored": 45,
    "n_missing": 6,
    "median": 98.179
   },
   "NEG": {
    "n_scored": 7,
    "n_missing": 0,
    "median": 98.609
   },
   "NEG_values": [
    {
     "hgvs_c": "c.595+3A>T",
     "gene": "PKD2",
     "consequence_class": "noncoding",
     "avi_locus_pct": 99.119
    },
    {
     "hgvs_c": "c.710-6T>C",
     "gene": "PKD2",
     "consequence_class": "noncoding",
     "avi_locus_pct": 99.501
    },
    {
     "hgvs_c": "c.1320G>A",
     "gene": "PKD2",
     "consequence_class": "synonymous",
     "avi_locus_pct": 98.609
    },
    {
     "hgvs_c": "c.1899-6T>G",
     "gene": "PKD2",
     "consequence_class": "noncoding",
     "avi_locus_pct": 96.644
    },
    {
     "hgvs_c": "c.2019+5G>A",
     "gene": "PKD2",
     "consequence_class": "noncoding",
     "avi_locus_pct": 99.769
    },
    {
     "hgvs_c": "c.2241-14C>T",
     "gene": "PKD2",
     "consequence_class": "noncoding",
     "avi_locus_pct": 93.305
    },
    {
     "hgvs_c": "c.2359-7T>A",
     "gene": "PKD2",
     "consequence_class": "noncoding",
     "avi_locus_pct": 69.611
    }
   ]
  },
  "spliceai_locus_pct": {
   "POS": {
    "n_scored": 51,
    "n_missing": 0,
    "median": 99.464
   },
   "NEG": {
    "n_scored": 7,
    "n_missing": 0,
    "median": 99.471
   },
   "NEG_values": [
    {
     "hgvs_c": "c.595+3A>T",
     "gene": "PKD2",
     "consequence_class": "noncoding",
     "spliceai_locus_pct": 99.806
    },
    {
     "hgvs_c": "c.710-6T>C",
     "gene": "PKD2",
     "consequence_class": "noncoding",
     "spliceai_locus_pct": 99.556
    },
    {
     "hgvs_c": "c.1320G>A",
     "gene": "PKD2",
     "consequence_class": "synonymous",
     "spliceai_locus_pct": 99.471
    },
    {
     "hgvs_c": "c.1899-6T>G",
     "gene": "PKD2",
     "consequence_class": "noncoding",
     "spliceai_locus_pct": 99.141
    },
    {
     "hgvs_c": "c.2019+5G>A",
     "gene": "PKD2",
     "consequence_class": "noncoding",
     "spliceai_locus_pct": 99.854
    },
    {
     "hgvs_c": "c.2241-14C>T",
     "gene": "PKD2",
     "consequence_class": "noncoding",
     "spliceai_locus_pct": 3.379
    },
    {
     "hgvs_c": "c.2359-7T>A",
     "gene": "PKD2",
     "consequence_class": "noncoding",
     "spliceai_locus_pct": 97.228
    }
   ]
  },
  "cadd_locus_pct": {
   "POS": {
    "n_scored": 46,
    "n_missing": 5,
    "median": 92.274
   },
   "NEG": {
    "n_scored": 7,
    "n_missing": 0,
    "median": 96.3
   },
   "NEG_values": [
    {
     "hgvs_c": "c.595+3A>T",
     "gene": "PKD2",
     "consequence_class": "noncoding",
     "cadd_locus_pct": 97.676
    },
    {
     "hgvs_c": "c.710-6T>C",
     "gene": "PKD2",
     "consequence_class": "noncoding",
     "cadd_locus_pct": 96.3
    },
    {
     "hgvs_c": "c.1320G>A",
     "gene": "PKD2",
     "consequence_class": "synonymous",
     "cadd_locus_pct": 97.041
    },
    {
     "hgvs_c": "c.1899-6T>G",
     "gene": "PKD2",
     "consequence_class": "noncoding",
     "cadd_locus_pct": 95.946
    },
    {
     "hgvs_c": "c.2019+5G>A",
     "gene": "PKD2",
     "consequence_class": "noncoding",
     "cadd_locus_pct": 97.069
    },
    {
     "hgvs_c": "c.2241-14C>T",
     "gene": "PKD2",
     "consequence_class": "noncoding",
     "cadd_locus_pct": 93.82
    },
    {
     "hgvs_c": "c.2359-7T>A",
     "gene": "PKD2",
     "consequence_class": "noncoding",
     "cadd_locus_pct": 90.86
    }
   ]
  },
  "cadd_phred": {
   "POS": {
    "n_scored": 46,
    "n_missing": 5,
    "median": 22.35
   },
   "NEG": {
    "n_scored": 7,
    "n_missing": 0,
    "median": 15.68
   },
   "NEG_values": [
    {
     "hgvs_c": "c.595+3A>T",
     "gene": "PKD2",
     "consequence_class": "noncoding",
     "cadd_phred": 20.7
    },
    {
     "hgvs_c": "c.710-6T>C",
     "gene": "PKD2",
     "consequence_class": "noncoding",
     "cadd_phred": 15.68
    },
    {
     "hgvs_c": "c.1320G>A",
     "gene": "PKD2",
     "consequence_class": "synonymous",
     "cadd_phred": 17.74
    },
    {
     "hgvs_c": "c.1899-6T>G",
     "gene": "PKD2",
     "consequence_class": "noncoding",
     "cadd_phred": 14.96
    },
    {
     "hgvs_c": "c.2019+5G>A",
     "gene": "PKD2",
     "consequence_class": "noncoding",
     "cadd_phred": 17.86
    },
    {
     "hgvs_c": "c.2241-14C>T",
     "gene": "PKD2",
     "consequence_class": "noncoding",
     "cadd_phred": 12.28
    },
    {
     "hgvs_c": "c.2359-7T>A",
     "gene": "PKD2",
     "consequence_class": "noncoding",
     "cadd_phred": 10.09
    }
   ]
  },
  "spliceai_max": {
   "POS": {
    "n_scored": 51,
    "n_missing": 0,
    "median": 0.68
   },
   "NEG": {
    "n_scored": 7,
    "n_missing": 0,
    "median": 0.28
   },
   "NEG_values": [
    {
     "hgvs_c": "c.595+3A>T",
     "gene": "PKD2",
     "consequence_class": "noncoding",
     "spliceai_max": 0.68
    },
    {
     "hgvs_c": "c.710-6T>C",
     "gene": "PKD2",
     "consequence_class": "noncoding",
     "spliceai_max": 0.36
    },
    {
     "hgvs_c": "c.1320G>A",
     "gene": "PKD2",
     "consequence_class": "synonymous",
     "spliceai_max": 0.28
    },
    {
     "hgvs_c": "c.1899-6T>G",
     "gene": "PKD2",
     "consequence_class": "noncoding",
     "spliceai_max": 0.19
    },
    {
     "hgvs_c": "c.2019+5G>A",
     "gene": "PKD2",
     "consequence_class": "noncoding",
     "spliceai_max": 0.85
    },
    {
